// Jest Snapshot v1, https://goo.gl/fbAQLP

exports[`<TaxCalculator /> renders calculate button 1`] = `
<section>
  <p>
    1482363367071
  </p>
  <input
    data-testhook-id="tax-calculator-revenue-input"
    type="number"
  />
  <Button
    label="calculate"
    onClick={[Function]}
  />
  <p
    data-testhook-id="tax-calculator-total"
  >
    0
  </p>
</section>
`;
